// Jest Snapshot v1, https://goo.gl/fbAQLP

exports[`Login page Snapshot Test render 1`] = `
<div
  className="flex flex-col h-screen justify-center items-center"
>
  <h1
    className="font-jua text-6xl text-cyan-500"
  >
    바로알바
  </h1>
</div>
`;
